// Jest Snapshot v1, https://goo.gl/fbAQLP

exports[`FlightPlan renders FlightPlan without crashing 1`] = `ShallowWrapper {}`;
