// Jest Snapshot v1, https://goo.gl/fbAQLP

exports[`App renders app without crashing 1`] = `ShallowWrapper {}`;
